[2026-08-17 12:52:14] === ISI-2772 Enhanced backup_Coder Resume Process ===
[2026-08-17 12:52:14] === Comprehensive System Health Check ===
[2026-08-17 12:52:14] ✅ Database health check passed
[2026-08-17 12:52:14] ✅ System health check passed
[2026-08-17 12:52:14] === Starting backup_Coder with Enhanced Monitoring ===
[2026-08-17 12:52:14] ✅ backup_Coder started with PID: 595290
[2026-08-17 12:52:14] ✅ Enhanced monitoring started (PID: 595294)
[2026-08-17 12:52:14] ✅ backup_Coder successfully started with enhanced monitoring
[2026-08-17 12:52:14] ✅ ISI-2772 silent active run prevention active
[2026-08-17 12:52:14] === Creating Verification Report ===
[2026-08-17 12:52:14] ✅ Verification report created: ./logs/ISI-2772-verification-report-20260817_125214.md
[2026-08-17 12:53:14] ⚠️ backup_Coder process (PID: 595290) has terminated
[2026-08-17 12:53:14] ❌ backup_Coder process not found - restarting
[2026-08-17 12:53:14] ✅ backup_Coder restarted with new PID: 595673
[2026-08-17 12:54:14] ⚠️ backup_Coder process (PID: 595673) has terminated
[2026-08-17 12:54:14] ❌ backup_Coder process not found - restarting
[2026-08-17 12:54:14] ✅ backup_Coder restarted with new PID: 596052
[2026-08-17 12:55:14] ⚠️ backup_Coder process (PID: 596052) has terminated
[2026-08-17 12:55:14] ❌ backup_Coder process not found - restarting
[2026-08-17 12:55:14] ✅ backup_Coder restarted with new PID: 596194
