[2026-08-17 12:56:45] === ISI-2772 Enhanced backup_Coder Resume Process ===
[2026-08-17 12:56:45] === Comprehensive System Health Check ===
[2026-08-17 12:56:45] ✅ Database health check passed
[2026-08-17 12:56:45] ✅ System health check passed
[2026-08-17 12:56:45] === Starting backup_Coder with Enhanced Monitoring ===
[2026-08-17 12:56:45] ✅ backup_Coder started with PID: 596749
[2026-08-17 12:56:45] ✅ Enhanced monitoring started (PID: 596753)
[2026-08-17 12:56:45] ✅ backup_Coder successfully started with enhanced monitoring
[2026-08-17 12:56:45] ✅ ISI-2772 silent active run prevention active
[2026-08-17 12:56:45] === Creating Verification Report ===
[2026-08-17 12:56:45] ✅ Verification report created: ./logs/ISI-2772-verification-report-20260817_125645.md
[2026-08-17 12:57:45] ⚠️ backup_Coder process (PID: 596749) has terminated
[2026-08-17 12:57:45] ❌ backup_Coder process not found - restarting
[2026-08-17 12:57:45] ✅ backup_Coder restarted with new PID: 597490
[2026-08-17 12:58:45] ⚠️ backup_Coder process (PID: 597490) has terminated
[2026-08-17 12:58:45] ❌ backup_Coder process not found - restarting
[2026-08-17 12:58:45] ✅ backup_Coder restarted with new PID: 597671
[2026-08-17 12:59:45] ⚠️ backup_Coder process (PID: 597671) has terminated
[2026-08-17 12:59:45] ❌ backup_Coder process not found - restarting
[2026-08-17 12:59:45] ✅ backup_Coder restarted with new PID: 598291
[2026-08-17 13:00:45] ⚠️ backup_Coder process (PID: 598291) has terminated
[2026-08-17 13:00:45] ❌ backup_Coder process not found - restarting
[2026-08-17 13:00:45] ✅ backup_Coder restarted with new PID: 598543
[2026-08-17 13:01:45] ⚠️ backup_Coder process (PID: 598543) has terminated
[2026-08-17 13:01:45] ❌ backup_Coder process not found - restarting
[2026-08-17 13:01:45] ✅ backup_Coder restarted with new PID: 598756
[2026-08-17 13:02:45] ⚠️ backup_Coder process (PID: 598756) has terminated
[2026-08-17 13:02:45] ❌ backup_Coder process not found - restarting
[2026-08-17 13:02:45] ✅ backup_Coder restarted with new PID: 598931
[2026-08-17 13:03:45] ⚠️ backup_Coder process (PID: 598931) has terminated
[2026-08-17 13:03:45] ❌ backup_Coder process not found - restarting
[2026-08-17 13:03:45] ✅ backup_Coder restarted with new PID: 598984
[2026-08-17 13:04:45] ⚠️ backup_Coder process (PID: 598984) has terminated
[2026-08-17 13:04:45] ❌ backup_Coder process not found - restarting
[2026-08-17 13:04:45] ✅ backup_Coder restarted with new PID: 599125
[2026-08-17 13:05:45] ⚠️ backup_Coder process (PID: 599125) has terminated
[2026-08-17 13:05:45] ❌ backup_Coder process not found - restarting
[2026-08-17 13:05:45] ✅ backup_Coder restarted with new PID: 599233
[2026-08-17 13:06:45] ⚠️ backup_Coder process (PID: 599233) has terminated
[2026-08-17 13:06:45] ❌ backup_Coder process not found - restarting
[2026-08-17 13:06:45] ✅ backup_Coder restarted with new PID: 599361
[2026-08-17 13:07:45] ⚠️ backup_Coder process (PID: 599361) has terminated
[2026-08-17 13:07:45] ❌ backup_Coder process not found - restarting
[2026-08-17 13:07:45] ✅ backup_Coder restarted with new PID: 599861
[2026-08-17 13:08:45] ⚠️ backup_Coder process (PID: 599861) has terminated
[2026-08-17 13:08:45] ❌ backup_Coder process not found - restarting
[2026-08-17 13:08:45] ✅ backup_Coder restarted with new PID: 600301
[2026-08-17 13:09:45] ⚠️ backup_Coder process (PID: 600301) has terminated
[2026-08-17 13:09:45] ❌ backup_Coder process not found - restarting
[2026-08-17 13:09:45] ✅ backup_Coder restarted with new PID: 600609
[2026-08-17 13:10:45] ⚠️ backup_Coder process (PID: 600609) has terminated
[2026-08-17 13:10:45] ❌ backup_Coder process not found - restarting
[2026-08-17 13:10:45] ✅ backup_Coder restarted with new PID: 600867
[2026-08-17 13:11:45] ⚠️ backup_Coder process (PID: 600867) has terminated
[2026-08-17 13:11:45] ❌ backup_Coder process not found - restarting
[2026-08-17 13:11:45] ✅ backup_Coder restarted with new PID: 601172
[2026-08-17 13:12:45] ⚠️ backup_Coder process (PID: 601172) has terminated
[2026-08-17 13:12:45] ❌ backup_Coder process not found - restarting
[2026-08-17 13:12:45] ✅ backup_Coder restarted with new PID: 601536
[2026-08-17 13:13:45] ⚠️ backup_Coder process (PID: 601536) has terminated
[2026-08-17 13:13:45] ❌ backup_Coder process not found - restarting
[2026-08-17 13:13:45] ✅ backup_Coder restarted with new PID: 601764
[2026-08-17 13:14:45] ⚠️ backup_Coder process (PID: 601764) has terminated
[2026-08-17 13:14:45] ❌ backup_Coder process not found - restarting
[2026-08-17 13:14:45] ✅ backup_Coder restarted with new PID: 601890
[2026-08-17 13:15:45] ⚠️ backup_Coder process (PID: 601890) has terminated
[2026-08-17 13:15:45] ❌ backup_Coder process not found - restarting
[2026-08-17 13:15:45] ✅ backup_Coder restarted with new PID: 602046
[2026-08-17 13:16:45] ⚠️ backup_Coder process (PID: 602046) has terminated
[2026-08-17 13:16:45] ❌ backup_Coder process not found - restarting
[2026-08-17 13:16:45] ✅ backup_Coder restarted with new PID: 602439
[2026-08-17 13:17:45] ⚠️ backup_Coder process (PID: 602439) has terminated
[2026-08-17 13:17:45] ❌ backup_Coder process not found - restarting
[2026-08-17 13:17:45] ✅ backup_Coder restarted with new PID: 602721
[2026-08-17 13:18:45] ⚠️ backup_Coder process (PID: 602721) has terminated
[2026-08-17 13:18:45] ❌ backup_Coder process not found - restarting
[2026-08-17 13:18:45] ✅ backup_Coder restarted with new PID: 603010
[2026-08-17 13:19:45] ⚠️ backup_Coder process (PID: 603010) has terminated
[2026-08-17 13:19:45] ❌ backup_Coder process not found - restarting
[2026-08-17 13:19:45] ✅ backup_Coder restarted with new PID: 603104
[2026-08-17 13:20:45] ⚠️ backup_Coder process (PID: 603104) has terminated
[2026-08-17 13:20:45] ❌ backup_Coder process not found - restarting
[2026-08-17 13:20:45] ✅ backup_Coder restarted with new PID: 603281
[2026-08-17 13:21:45] ⚠️ backup_Coder process (PID: 603281) has terminated
[2026-08-17 13:21:45] ❌ backup_Coder process not found - restarting
[2026-08-17 13:21:45] ✅ backup_Coder restarted with new PID: 603390
[2026-08-17 13:22:45] ⚠️ backup_Coder process (PID: 603390) has terminated
[2026-08-17 13:22:45] ❌ backup_Coder process not found - restarting
[2026-08-17 13:22:45] ✅ backup_Coder restarted with new PID: 603419
[2026-08-17 13:23:45] ⚠️ backup_Coder process (PID: 603419) has terminated
[2026-08-17 13:23:45] ❌ backup_Coder process not found - restarting
[2026-08-17 13:23:45] ✅ backup_Coder restarted with new PID: 603455
[2026-08-17 13:24:45] ⚠️ backup_Coder process (PID: 603455) has terminated
[2026-08-17 13:24:45] ❌ backup_Coder process not found - restarting
[2026-08-17 13:24:45] ✅ backup_Coder restarted with new PID: 603487
[2026-08-17 13:25:45] ⚠️ backup_Coder process (PID: 603487) has terminated
[2026-08-17 13:25:45] ❌ backup_Coder process not found - restarting
[2026-08-17 13:25:45] ✅ backup_Coder restarted with new PID: 603551
[2026-08-17 13:26:45] ⚠️ backup_Coder process (PID: 603551) has terminated
[2026-08-17 13:26:45] ❌ backup_Coder process not found - restarting
[2026-08-17 13:26:45] ✅ backup_Coder restarted with new PID: 603649
[2026-08-17 13:27:45] ⚠️ backup_Coder process (PID: 603649) has terminated
[2026-08-17 13:27:45] ❌ backup_Coder process not found - restarting
[2026-08-17 13:27:45] ✅ backup_Coder restarted with new PID: 603865
[2026-08-17 13:28:45] ⚠️ backup_Coder process (PID: 603865) has terminated
[2026-08-17 13:28:45] ❌ backup_Coder process not found - restarting
[2026-08-17 13:28:45] ✅ backup_Coder restarted with new PID: 604241
[2026-08-17 13:29:45] ⚠️ backup_Coder process (PID: 604241) has terminated
[2026-08-17 13:29:45] ❌ backup_Coder process not found - restarting
[2026-08-17 13:29:45] ✅ backup_Coder restarted with new PID: 604360
[2026-08-17 13:30:45] ⚠️ backup_Coder process (PID: 604360) has terminated
[2026-08-17 13:30:45] ❌ backup_Coder process not found - restarting
[2026-08-17 13:30:45] ✅ backup_Coder restarted with new PID: 604606
[2026-08-17 13:31:45] ⚠️ backup_Coder process (PID: 604606) has terminated
[2026-08-17 13:31:45] ❌ backup_Coder process not found - restarting
[2026-08-17 13:31:45] ✅ backup_Coder restarted with new PID: 604789
[2026-08-17 13:32:45] ⚠️ backup_Coder process (PID: 604789) has terminated
[2026-08-17 13:32:45] ❌ backup_Coder process not found - restarting
[2026-08-17 13:32:45] ✅ backup_Coder restarted with new PID: 605045
[2026-08-17 13:33:45] ⚠️ backup_Coder process (PID: 605045) has terminated
[2026-08-17 13:33:45] ❌ backup_Coder process not found - restarting
[2026-08-17 13:33:45] ✅ backup_Coder restarted with new PID: 605649
[2026-08-17 13:34:45] ⚠️ backup_Coder process (PID: 605649) has terminated
[2026-08-17 13:34:45] ❌ backup_Coder process not found - restarting
[2026-08-17 13:34:45] ✅ backup_Coder restarted with new PID: 606178
[2026-08-17 13:35:45] ⚠️ backup_Coder process (PID: 606178) has terminated
[2026-08-17 13:35:45] ❌ backup_Coder process not found - restarting
[2026-08-17 13:35:45] ✅ backup_Coder restarted with new PID: 606692
[2026-08-17 13:36:45] ⚠️ backup_Coder process (PID: 606692) has terminated
[2026-08-17 13:36:45] ❌ backup_Coder process not found - restarting
[2026-08-17 13:36:45] ✅ backup_Coder restarted with new PID: 606957
[2026-08-17 13:37:45] ⚠️ backup_Coder process (PID: 606957) has terminated
[2026-08-17 13:37:45] ❌ backup_Coder process not found - restarting
[2026-08-17 13:37:45] ✅ backup_Coder restarted with new PID: 607261
[2026-08-17 13:38:45] ⚠️ backup_Coder process (PID: 607261) has terminated
[2026-08-17 13:38:45] ❌ backup_Coder process not found - restarting
[2026-08-17 13:38:45] ✅ backup_Coder restarted with new PID: 607323
[2026-08-17 13:39:45] ⚠️ backup_Coder process (PID: 607323) has terminated
[2026-08-17 13:39:45] ❌ backup_Coder process not found - restarting
[2026-08-17 13:39:45] ✅ backup_Coder restarted with new PID: 607472
[2026-08-17 13:40:45] ⚠️ backup_Coder process (PID: 607472) has terminated
[2026-08-17 13:40:45] ❌ backup_Coder process not found - restarting
[2026-08-17 13:40:45] ✅ backup_Coder restarted with new PID: 607503
[2026-08-17 13:41:45] ⚠️ backup_Coder process (PID: 607503) has terminated
[2026-08-17 13:41:45] ❌ backup_Coder process not found - restarting
[2026-08-17 13:41:45] ✅ backup_Coder restarted with new PID: 607861
[2026-08-17 13:42:45] ⚠️ backup_Coder process (PID: 607861) has terminated
[2026-08-17 13:42:45] ❌ backup_Coder process not found - restarting
[2026-08-17 13:42:45] ✅ backup_Coder restarted with new PID: 607997
[2026-08-17 13:43:45] ⚠️ backup_Coder process (PID: 607997) has terminated
[2026-08-17 13:43:45] ❌ backup_Coder process not found - restarting
[2026-08-17 13:43:45] ✅ backup_Coder restarted with new PID: 608198
[2026-08-17 13:44:45] ⚠️ backup_Coder process (PID: 608198) has terminated
[2026-08-17 13:44:45] ❌ backup_Coder process not found - restarting
[2026-08-17 13:44:45] ✅ backup_Coder restarted with new PID: 608329
[2026-08-17 13:45:45] ⚠️ backup_Coder process (PID: 608329) has terminated
[2026-08-17 13:45:45] ❌ backup_Coder process not found - restarting
[2026-08-17 13:45:45] ✅ backup_Coder restarted with new PID: 608366
[2026-08-17 13:46:45] ⚠️ backup_Coder process (PID: 608366) has terminated
[2026-08-17 13:46:45] ❌ backup_Coder process not found - restarting
[2026-08-17 13:46:45] ✅ backup_Coder restarted with new PID: 608525
[2026-08-17 13:47:45] ⚠️ backup_Coder process (PID: 608525) has terminated
[2026-08-17 13:47:45] ❌ backup_Coder process not found - restarting
[2026-08-17 13:47:45] ✅ backup_Coder restarted with new PID: 608661
[2026-08-17 13:48:45] ⚠️ backup_Coder process (PID: 608661) has terminated
[2026-08-17 13:48:45] ❌ backup_Coder process not found - restarting
[2026-08-17 13:48:45] ✅ backup_Coder restarted with new PID: 608890
[2026-08-17 13:49:45] ⚠️ backup_Coder process (PID: 608890) has terminated
[2026-08-17 13:49:45] ❌ backup_Coder process not found - restarting
[2026-08-17 13:49:45] ✅ backup_Coder restarted with new PID: 609083
[2026-08-17 13:50:45] ⚠️ backup_Coder process (PID: 609083) has terminated
[2026-08-17 13:50:45] ❌ backup_Coder process not found - restarting
[2026-08-17 13:50:45] ✅ backup_Coder restarted with new PID: 609190
[2026-08-17 13:51:45] ⚠️ backup_Coder process (PID: 609190) has terminated
[2026-08-17 13:51:45] ❌ backup_Coder process not found - restarting
[2026-08-17 13:51:45] ✅ backup_Coder restarted with new PID: 609253
[2026-08-17 13:52:45] ⚠️ backup_Coder process (PID: 609253) has terminated
[2026-08-17 13:52:45] ❌ backup_Coder process not found - restarting
[2026-08-17 13:52:45] ✅ backup_Coder restarted with new PID: 609303
[2026-08-17 13:53:45] ⚠️ backup_Coder process (PID: 609303) has terminated
[2026-08-17 13:53:45] ❌ backup_Coder process not found - restarting
[2026-08-17 13:53:45] ✅ backup_Coder restarted with new PID: 609343
[2026-08-17 13:54:45] ⚠️ backup_Coder process (PID: 609343) has terminated
[2026-08-17 13:54:45] ❌ backup_Coder process not found - restarting
[2026-08-17 13:54:45] ✅ backup_Coder restarted with new PID: 609585
[2026-08-17 13:55:45] ⚠️ backup_Coder process (PID: 609585) has terminated
[2026-08-17 13:55:45] ❌ backup_Coder process not found - restarting
[2026-08-17 13:55:45] ✅ backup_Coder restarted with new PID: 609638
[2026-08-17 13:56:45] ⚠️ backup_Coder process (PID: 609638) has terminated
[2026-08-17 13:56:45] ❌ backup_Coder process not found - restarting
[2026-08-17 13:56:45] ✅ backup_Coder restarted with new PID: 609673
[2026-08-17 13:57:45] ⚠️ backup_Coder process (PID: 609673) has terminated
[2026-08-17 13:57:45] ❌ backup_Coder process not found - restarting
[2026-08-17 13:57:45] ✅ backup_Coder restarted with new PID: 609702
[2026-08-17 13:58:45] ⚠️ backup_Coder process (PID: 609702) has terminated
[2026-08-17 13:58:45] ❌ backup_Coder process not found - restarting
[2026-08-17 13:58:45] ✅ backup_Coder restarted with new PID: 609740
[2026-08-17 13:59:45] ⚠️ backup_Coder process (PID: 609740) has terminated
[2026-08-17 13:59:45] ❌ backup_Coder process not found - restarting
[2026-08-17 13:59:45] ✅ backup_Coder restarted with new PID: 609775
[2026-08-17 14:00:45] ⚠️ backup_Coder process (PID: 609775) has terminated
[2026-08-17 14:00:45] ❌ backup_Coder process not found - restarting
[2026-08-17 14:00:45] ✅ backup_Coder restarted with new PID: 609808
[2026-08-17 14:01:45] ⚠️ backup_Coder process (PID: 609808) has terminated
[2026-08-17 14:01:45] ❌ backup_Coder process not found - restarting
[2026-08-17 14:01:45] ✅ backup_Coder restarted with new PID: 609842
[2026-08-17 14:02:45] ⚠️ backup_Coder process (PID: 609842) has terminated
[2026-08-17 14:02:45] ❌ backup_Coder process not found - restarting
[2026-08-17 14:02:45] ✅ backup_Coder restarted with new PID: 609871
[2026-08-17 14:03:45] ⚠️ backup_Coder process (PID: 609871) has terminated
[2026-08-17 14:03:45] ❌ backup_Coder process not found - restarting
[2026-08-17 14:03:45] ✅ backup_Coder restarted with new PID: 609908
[2026-08-17 14:04:45] ⚠️ backup_Coder process (PID: 609908) has terminated
[2026-08-17 14:04:45] ❌ backup_Coder process not found - restarting
[2026-08-17 14:04:45] ✅ backup_Coder restarted with new PID: 609937
[2026-08-17 14:05:45] ⚠️ backup_Coder process (PID: 609937) has terminated
[2026-08-17 14:05:45] ❌ backup_Coder process not found - restarting
[2026-08-17 14:05:45] ✅ backup_Coder restarted with new PID: 609974
[2026-08-17 14:06:45] ⚠️ backup_Coder process (PID: 609974) has terminated
[2026-08-17 14:06:45] ❌ backup_Coder process not found - restarting
[2026-08-17 14:06:45] ✅ backup_Coder restarted with new PID: 610002
[2026-08-17 14:07:45] ⚠️ backup_Coder process (PID: 610002) has terminated
[2026-08-17 14:07:45] ❌ backup_Coder process not found - restarting
[2026-08-17 14:07:45] ✅ backup_Coder restarted with new PID: 610036
[2026-08-17 14:08:45] ⚠️ backup_Coder process (PID: 610036) has terminated
[2026-08-17 14:08:45] ❌ backup_Coder process not found - restarting
[2026-08-17 14:08:45] ✅ backup_Coder restarted with new PID: 610066
[2026-08-17 14:09:45] ⚠️ backup_Coder process (PID: 610066) has terminated
[2026-08-17 14:09:45] ❌ backup_Coder process not found - restarting
[2026-08-17 14:09:45] ✅ backup_Coder restarted with new PID: 610427
[2026-08-17 14:10:45] ⚠️ backup_Coder process (PID: 610427) has terminated
[2026-08-17 14:10:45] ❌ backup_Coder process not found - restarting
[2026-08-17 14:10:45] ✅ backup_Coder restarted with new PID: 610618
[2026-08-17 14:11:45] ⚠️ backup_Coder process (PID: 610618) has terminated
[2026-08-17 14:11:45] ❌ backup_Coder process not found - restarting
[2026-08-17 14:11:45] ✅ backup_Coder restarted with new PID: 610767
[2026-08-17 14:12:45] ⚠️ backup_Coder process (PID: 610767) has terminated
[2026-08-17 14:12:45] ❌ backup_Coder process not found - restarting
[2026-08-17 14:12:45] ✅ backup_Coder restarted with new PID: 610869
[2026-08-17 14:13:45] ⚠️ backup_Coder process (PID: 610869) has terminated
[2026-08-17 14:13:45] ❌ backup_Coder process not found - restarting
[2026-08-17 14:13:45] ✅ backup_Coder restarted with new PID: 610899
[2026-08-17 14:14:45] ⚠️ backup_Coder process (PID: 610899) has terminated
[2026-08-17 14:14:45] ❌ backup_Coder process not found - restarting
[2026-08-17 14:14:45] ✅ backup_Coder restarted with new PID: 610934
[2026-08-17 14:15:45] ⚠️ backup_Coder process (PID: 610934) has terminated
[2026-08-17 14:15:45] ❌ backup_Coder process not found - restarting
[2026-08-17 14:15:45] ✅ backup_Coder restarted with new PID: 610965
[2026-08-17 14:16:45] ⚠️ backup_Coder process (PID: 610965) has terminated
[2026-08-17 14:16:45] ❌ backup_Coder process not found - restarting
[2026-08-17 14:16:45] ✅ backup_Coder restarted with new PID: 611215
[2026-08-17 14:17:45] ⚠️ backup_Coder process (PID: 611215) has terminated
[2026-08-17 14:17:45] ❌ backup_Coder process not found - restarting
[2026-08-17 14:17:45] ✅ backup_Coder restarted with new PID: 611283
[2026-08-17 14:18:45] ⚠️ backup_Coder process (PID: 611283) has terminated
[2026-08-17 14:18:45] ❌ backup_Coder process not found - restarting
[2026-08-17 14:18:45] ✅ backup_Coder restarted with new PID: 611327
[2026-08-17 14:19:45] ⚠️ backup_Coder process (PID: 611327) has terminated
[2026-08-17 14:19:45] ❌ backup_Coder process not found - restarting
[2026-08-17 14:19:45] ✅ backup_Coder restarted with new PID: 611360
[2026-08-17 14:20:45] ⚠️ backup_Coder process (PID: 611360) has terminated
[2026-08-17 14:20:45] ❌ backup_Coder process not found - restarting
[2026-08-17 14:20:45] ✅ backup_Coder restarted with new PID: 611410
[2026-08-17 14:21:45] ⚠️ backup_Coder process (PID: 611410) has terminated
[2026-08-17 14:21:45] ❌ backup_Coder process not found - restarting
[2026-08-17 14:21:45] ✅ backup_Coder restarted with new PID: 611444
[2026-08-17 14:22:45] ⚠️ backup_Coder process (PID: 611444) has terminated
[2026-08-17 14:22:45] ❌ backup_Coder process not found - restarting
[2026-08-17 14:22:45] ✅ backup_Coder restarted with new PID: 611978
[2026-08-17 14:23:45] ⚠️ backup_Coder process (PID: 611978) has terminated
[2026-08-17 14:23:45] ❌ backup_Coder process not found - restarting
[2026-08-17 14:23:45] ✅ backup_Coder restarted with new PID: 612018
[2026-08-17 14:24:45] ⚠️ backup_Coder process (PID: 612018) has terminated
[2026-08-17 14:24:45] ❌ backup_Coder process not found - restarting
[2026-08-17 14:24:45] ✅ backup_Coder restarted with new PID: 612059
[2026-08-17 14:25:45] ⚠️ backup_Coder process (PID: 612059) has terminated
[2026-08-17 14:25:45] ❌ backup_Coder process not found - restarting
[2026-08-17 14:25:45] ✅ backup_Coder restarted with new PID: 612424
[2026-08-17 14:26:45] ⚠️ backup_Coder process (PID: 612424) has terminated
[2026-08-17 14:26:45] ❌ backup_Coder process not found - restarting
[2026-08-17 14:26:45] ✅ backup_Coder restarted with new PID: 612985
[2026-08-17 14:27:45] ⚠️ backup_Coder process (PID: 612985) has terminated
[2026-08-17 14:27:45] ❌ backup_Coder process not found - restarting
[2026-08-17 14:27:45] ✅ backup_Coder restarted with new PID: 613265
[2026-08-17 14:28:45] ⚠️ backup_Coder process (PID: 613265) has terminated
[2026-08-17 14:28:45] ❌ backup_Coder process not found - restarting
[2026-08-17 14:28:45] ✅ backup_Coder restarted with new PID: 613452
[2026-08-17 14:29:45] ⚠️ backup_Coder process (PID: 613452) has terminated
[2026-08-17 14:29:45] ❌ backup_Coder process not found - restarting
[2026-08-17 14:29:45] ✅ backup_Coder restarted with new PID: 613690
[2026-08-17 14:30:45] ⚠️ backup_Coder process (PID: 613690) has terminated
[2026-08-17 14:30:45] ❌ backup_Coder process not found - restarting
[2026-08-17 14:30:45] ✅ backup_Coder restarted with new PID: 613774
[2026-08-17 14:31:45] ⚠️ backup_Coder process (PID: 613774) has terminated
[2026-08-17 14:31:45] ❌ backup_Coder process not found - restarting
[2026-08-17 14:31:45] ✅ backup_Coder restarted with new PID: 613809
[2026-08-17 14:32:45] ⚠️ backup_Coder process (PID: 613809) has terminated
[2026-08-17 14:32:45] ❌ backup_Coder process not found - restarting
[2026-08-17 14:32:45] ✅ backup_Coder restarted with new PID: 614134
[2026-08-17 14:33:45] ⚠️ backup_Coder process (PID: 614134) has terminated
[2026-08-17 14:33:45] ❌ backup_Coder process not found - restarting
[2026-08-17 14:33:45] ✅ backup_Coder restarted with new PID: 614414
[2026-08-17 14:34:45] ⚠️ backup_Coder process (PID: 614414) has terminated
[2026-08-17 14:34:45] ❌ backup_Coder process not found - restarting
[2026-08-17 14:34:45] ✅ backup_Coder restarted with new PID: 614691
[2026-08-17 14:35:45] ⚠️ backup_Coder process (PID: 614691) has terminated
[2026-08-17 14:35:45] ❌ backup_Coder process not found - restarting
[2026-08-17 14:35:45] ✅ backup_Coder restarted with new PID: 614891
[2026-08-17 14:36:45] ⚠️ backup_Coder process (PID: 614891) has terminated
[2026-08-17 14:36:45] ❌ backup_Coder process not found - restarting
[2026-08-17 14:36:45] ✅ backup_Coder restarted with new PID: 615041
[2026-08-17 14:37:45] ⚠️ backup_Coder process (PID: 615041) has terminated
[2026-08-17 14:37:45] ❌ backup_Coder process not found - restarting
[2026-08-17 14:37:45] ✅ backup_Coder restarted with new PID: 615088
[2026-08-17 14:38:45] ⚠️ backup_Coder process (PID: 615088) has terminated
[2026-08-17 14:38:45] ❌ backup_Coder process not found - restarting
[2026-08-17 14:38:45] ✅ backup_Coder restarted with new PID: 615305
[2026-08-17 14:39:45] ⚠️ backup_Coder process (PID: 615305) has terminated
[2026-08-17 14:39:45] ❌ backup_Coder process not found - restarting
[2026-08-17 14:39:45] ✅ backup_Coder restarted with new PID: 615568
[2026-08-17 14:40:45] ⚠️ backup_Coder process (PID: 615568) has terminated
[2026-08-17 14:40:45] ❌ backup_Coder process not found - restarting
[2026-08-17 14:40:45] ✅ backup_Coder restarted with new PID: 615620
[2026-08-17 14:41:45] ⚠️ backup_Coder process (PID: 615620) has terminated
[2026-08-17 14:41:45] ❌ backup_Coder process not found - restarting
[2026-08-17 14:41:45] ✅ backup_Coder restarted with new PID: 615648
[2026-08-17 14:42:45] ⚠️ backup_Coder process (PID: 615648) has terminated
[2026-08-17 14:42:45] ❌ backup_Coder process not found - restarting
[2026-08-17 14:42:45] ✅ backup_Coder restarted with new PID: 615691
[2026-08-17 14:43:45] ⚠️ backup_Coder process (PID: 615691) has terminated
[2026-08-17 14:43:45] ❌ backup_Coder process not found - restarting
[2026-08-17 14:43:45] ✅ backup_Coder restarted with new PID: 615825
[2026-08-17 14:44:45] ⚠️ backup_Coder process (PID: 615825) has terminated
[2026-08-17 14:44:45] ❌ backup_Coder process not found - restarting
[2026-08-17 14:44:45] ✅ backup_Coder restarted with new PID: 616343
[2026-08-17 14:45:45] ⚠️ backup_Coder process (PID: 616343) has terminated
[2026-08-17 14:45:45] ❌ backup_Coder process not found - restarting
[2026-08-17 14:45:45] ✅ backup_Coder restarted with new PID: 616764
[2026-08-17 14:46:45] ⚠️ backup_Coder process (PID: 616764) has terminated
[2026-08-17 14:46:45] ❌ backup_Coder process not found - restarting
[2026-08-17 14:46:45] ✅ backup_Coder restarted with new PID: 616963
[2026-08-17 14:47:45] ⚠️ backup_Coder process (PID: 616963) has terminated
[2026-08-17 14:47:45] ❌ backup_Coder process not found - restarting
[2026-08-17 14:47:45] ✅ backup_Coder restarted with new PID: 617187
[2026-08-17 14:48:45] ⚠️ backup_Coder process (PID: 617187) has terminated
[2026-08-17 14:48:45] ❌ backup_Coder process not found - restarting
[2026-08-17 14:48:45] ✅ backup_Coder restarted with new PID: 617283
[2026-08-17 14:49:45] ⚠️ backup_Coder process (PID: 617283) has terminated
[2026-08-17 14:49:45] ❌ backup_Coder process not found - restarting
[2026-08-17 14:49:45] ✅ backup_Coder restarted with new PID: 617321
[2026-08-17 14:50:45] ⚠️ backup_Coder process (PID: 617321) has terminated
[2026-08-17 14:50:45] ❌ backup_Coder process not found - restarting
[2026-08-17 14:50:45] ✅ backup_Coder restarted with new PID: 617477
[2026-08-17 14:51:45] ⚠️ backup_Coder process (PID: 617477) has terminated
[2026-08-17 14:51:45] ❌ backup_Coder process not found - restarting
[2026-08-17 14:51:45] ✅ backup_Coder restarted with new PID: 617544
[2026-08-17 14:52:45] ⚠️ backup_Coder process (PID: 617544) has terminated
[2026-08-17 14:52:45] ❌ backup_Coder process not found - restarting
[2026-08-17 14:52:45] ✅ backup_Coder restarted with new PID: 617625
[2026-08-17 14:53:45] ⚠️ backup_Coder process (PID: 617625) has terminated
[2026-08-17 14:53:45] ❌ backup_Coder process not found - restarting
[2026-08-17 14:53:45] ✅ backup_Coder restarted with new PID: 617712
[2026-08-17 14:54:45] ⚠️ backup_Coder process (PID: 617712) has terminated
[2026-08-17 14:54:45] ❌ backup_Coder process not found - restarting
[2026-08-17 14:54:45] ✅ backup_Coder restarted with new PID: 617767
[2026-08-17 14:55:45] ⚠️ backup_Coder process (PID: 617767) has terminated
[2026-08-17 14:55:45] ❌ backup_Coder process not found - restarting
[2026-08-17 14:55:45] ✅ backup_Coder restarted with new PID: 617815
[2026-08-17 14:56:45] ⚠️ backup_Coder process (PID: 617815) has terminated
[2026-08-17 14:56:45] ❌ backup_Coder process not found - restarting
[2026-08-17 14:56:45] ✅ backup_Coder restarted with new PID: 617844
[2026-08-17 14:57:45] ⚠️ backup_Coder process (PID: 617844) has terminated
[2026-08-17 14:57:45] ❌ backup_Coder process not found - restarting
[2026-08-17 14:57:45] ✅ backup_Coder restarted with new PID: 617878
[2026-08-17 14:58:45] ⚠️ backup_Coder process (PID: 617878) has terminated
[2026-08-17 14:58:45] ❌ backup_Coder process not found - restarting
[2026-08-17 14:58:45] ✅ backup_Coder restarted with new PID: 617906
[2026-08-17 14:59:45] ⚠️ backup_Coder process (PID: 617906) has terminated
[2026-08-17 14:59:45] ❌ backup_Coder process not found - restarting
[2026-08-17 14:59:45] ✅ backup_Coder restarted with new PID: 617942
[2026-08-17 15:00:45] ⚠️ backup_Coder process (PID: 617942) has terminated
[2026-08-17 15:00:45] ❌ backup_Coder process not found - restarting
[2026-08-17 15:00:45] ✅ backup_Coder restarted with new PID: 617974
[2026-08-17 15:01:45] ⚠️ backup_Coder process (PID: 617974) has terminated
[2026-08-17 15:01:45] ❌ backup_Coder process not found - restarting
[2026-08-17 15:01:45] ✅ backup_Coder restarted with new PID: 618010
[2026-08-17 15:02:45] ⚠️ backup_Coder process (PID: 618010) has terminated
[2026-08-17 15:02:45] ❌ backup_Coder process not found - restarting
[2026-08-17 15:02:45] ✅ backup_Coder restarted with new PID: 618045
[2026-08-17 15:03:45] ⚠️ backup_Coder process (PID: 618045) has terminated
[2026-08-17 15:03:45] ❌ backup_Coder process not found - restarting
[2026-08-17 15:03:45] ✅ backup_Coder restarted with new PID: 618074
[2026-08-17 15:04:45] ⚠️ backup_Coder process (PID: 618074) has terminated
[2026-08-17 15:04:45] ❌ backup_Coder process not found - restarting
[2026-08-17 15:04:45] ✅ backup_Coder restarted with new PID: 618111
[2026-08-17 15:05:45] ⚠️ backup_Coder process (PID: 618111) has terminated
[2026-08-17 15:05:45] ❌ backup_Coder process not found - restarting
[2026-08-17 15:05:45] ✅ backup_Coder restarted with new PID: 618142
[2026-08-17 15:06:45] ⚠️ backup_Coder process (PID: 618142) has terminated
[2026-08-17 15:06:45] ❌ backup_Coder process not found - restarting
[2026-08-17 15:06:45] ✅ backup_Coder restarted with new PID: 618527
[2026-08-17 15:07:45] ⚠️ backup_Coder process (PID: 618527) has terminated
[2026-08-17 15:07:45] ❌ backup_Coder process not found - restarting
[2026-08-17 15:07:45] ✅ backup_Coder restarted with new PID: 618751
[2026-08-17 15:08:45] ⚠️ backup_Coder process (PID: 618751) has terminated
[2026-08-17 15:08:45] ❌ backup_Coder process not found - restarting
[2026-08-17 15:08:45] ✅ backup_Coder restarted with new PID: 618906
[2026-08-17 15:09:45] ⚠️ backup_Coder process (PID: 618906) has terminated
[2026-08-17 15:09:45] ❌ backup_Coder process not found - restarting
[2026-08-17 15:09:45] ✅ backup_Coder restarted with new PID: 618965
[2026-08-17 15:10:45] ⚠️ backup_Coder process (PID: 618965) has terminated
[2026-08-17 15:10:45] ❌ backup_Coder process not found - restarting
[2026-08-17 15:10:45] ✅ backup_Coder restarted with new PID: 619075
[2026-08-17 15:11:45] ⚠️ backup_Coder process (PID: 619075) has terminated
[2026-08-17 15:11:45] ❌ backup_Coder process not found - restarting
[2026-08-17 15:11:45] ✅ backup_Coder restarted with new PID: 619131
[2026-08-17 15:12:45] ⚠️ backup_Coder process (PID: 619131) has terminated
[2026-08-17 15:12:45] ❌ backup_Coder process not found - restarting
[2026-08-17 15:12:45] ✅ backup_Coder restarted with new PID: 619316
[2026-08-17 15:13:45] ⚠️ backup_Coder process (PID: 619316) has terminated
[2026-08-17 15:13:45] ❌ backup_Coder process not found - restarting
[2026-08-17 15:13:45] ✅ backup_Coder restarted with new PID: 619459
[2026-08-17 15:14:45] ⚠️ backup_Coder process (PID: 619459) has terminated
[2026-08-17 15:14:45] ❌ backup_Coder process not found - restarting
[2026-08-17 15:14:45] ✅ backup_Coder restarted with new PID: 619516
[2026-08-17 15:15:45] ⚠️ backup_Coder process (PID: 619516) has terminated
[2026-08-17 15:15:45] ❌ backup_Coder process not found - restarting
[2026-08-17 15:15:45] ✅ backup_Coder restarted with new PID: 619558
[2026-08-17 15:16:45] ⚠️ backup_Coder process (PID: 619558) has terminated
[2026-08-17 15:16:45] ❌ backup_Coder process not found - restarting
[2026-08-17 15:16:45] ✅ backup_Coder restarted with new PID: 619586
[2026-08-17 15:17:45] ⚠️ backup_Coder process (PID: 619586) has terminated
[2026-08-17 15:17:45] ❌ backup_Coder process not found - restarting
[2026-08-17 15:17:45] ✅ backup_Coder restarted with new PID: 619673
[2026-08-17 15:18:45] ⚠️ backup_Coder process (PID: 619673) has terminated
[2026-08-17 15:18:45] ❌ backup_Coder process not found - restarting
[2026-08-17 15:18:45] ✅ backup_Coder restarted with new PID: 619705
[2026-08-17 15:19:45] ⚠️ backup_Coder process (PID: 619705) has terminated
[2026-08-17 15:19:45] ❌ backup_Coder process not found - restarting
[2026-08-17 15:19:45] ✅ backup_Coder restarted with new PID: 619748
[2026-08-17 15:20:45] ⚠️ backup_Coder process (PID: 619748) has terminated
[2026-08-17 15:20:45] ❌ backup_Coder process not found - restarting
[2026-08-17 15:20:45] ✅ backup_Coder restarted with new PID: 620254
[2026-08-17 15:21:45] ⚠️ backup_Coder process (PID: 620254) has terminated
[2026-08-17 15:21:45] ❌ backup_Coder process not found - restarting
[2026-08-17 15:21:45] ✅ backup_Coder restarted with new PID: 620722
[2026-08-17 15:22:45] ⚠️ backup_Coder process (PID: 620722) has terminated
[2026-08-17 15:22:45] ❌ backup_Coder process not found - restarting
[2026-08-17 15:22:45] ✅ backup_Coder restarted with new PID: 620957
[2026-08-17 15:23:45] ⚠️ backup_Coder process (PID: 620957) has terminated
[2026-08-17 15:23:45] ❌ backup_Coder process not found - restarting
[2026-08-17 15:23:45] ✅ backup_Coder restarted with new PID: 621201
[2026-08-17 15:24:45] ⚠️ backup_Coder process (PID: 621201) has terminated
[2026-08-17 15:24:45] ❌ backup_Coder process not found - restarting
[2026-08-17 15:24:45] ✅ backup_Coder restarted with new PID: 621439
[2026-08-17 15:25:45] ⚠️ backup_Coder process (PID: 621439) has terminated
[2026-08-17 15:25:45] ❌ backup_Coder process not found - restarting
[2026-08-17 15:25:45] ✅ backup_Coder restarted with new PID: 621564
[2026-08-17 15:26:45] ⚠️ backup_Coder process (PID: 621564) has terminated
[2026-08-17 15:26:45] ❌ backup_Coder process not found - restarting
[2026-08-17 15:26:45] ✅ backup_Coder restarted with new PID: 621722
[2026-08-17 15:27:45] ⚠️ backup_Coder process (PID: 621722) has terminated
[2026-08-17 15:27:45] ❌ backup_Coder process not found - restarting
[2026-08-17 15:27:45] ✅ backup_Coder restarted with new PID: 621863
[2026-08-17 15:28:45] ⚠️ backup_Coder process (PID: 621863) has terminated
[2026-08-17 15:28:45] ❌ backup_Coder process not found - restarting
[2026-08-17 15:28:45] ✅ backup_Coder restarted with new PID: 622052
[2026-08-17 15:29:45] ⚠️ backup_Coder process (PID: 622052) has terminated
[2026-08-17 15:29:45] ❌ backup_Coder process not found - restarting
[2026-08-17 15:29:45] ✅ backup_Coder restarted with new PID: 622156
[2026-08-17 15:30:45] ⚠️ backup_Coder process (PID: 622156) has terminated
[2026-08-17 15:30:45] ❌ backup_Coder process not found - restarting
[2026-08-17 15:30:45] ✅ backup_Coder restarted with new PID: 622515
[2026-08-17 15:31:45] ⚠️ backup_Coder process (PID: 622515) has terminated
[2026-08-17 15:31:45] ❌ backup_Coder process not found - restarting
[2026-08-17 15:31:45] ✅ backup_Coder restarted with new PID: 622709
[2026-08-17 15:32:45] ⚠️ backup_Coder process (PID: 622709) has terminated
[2026-08-17 15:32:45] ❌ backup_Coder process not found - restarting
[2026-08-17 15:32:45] ✅ backup_Coder restarted with new PID: 622914
[2026-08-17 15:33:45] ⚠️ backup_Coder process (PID: 622914) has terminated
[2026-08-17 15:33:45] ❌ backup_Coder process not found - restarting
[2026-08-17 15:33:45] ✅ backup_Coder restarted with new PID: 623107
[2026-08-17 15:34:45] ⚠️ backup_Coder process (PID: 623107) has terminated
[2026-08-17 15:34:45] ❌ backup_Coder process not found - restarting
[2026-08-17 15:34:45] ✅ backup_Coder restarted with new PID: 642682
[2026-08-17 15:35:45] ⚠️ backup_Coder process (PID: 642682) has terminated
[2026-08-17 15:35:45] ❌ backup_Coder process not found - restarting
[2026-08-17 15:35:45] ✅ backup_Coder restarted with new PID: 671578
[2026-08-17 15:36:45] ⚠️ backup_Coder process (PID: 671578) has terminated
[2026-08-17 15:36:45] ❌ backup_Coder process not found - restarting
[2026-08-17 15:36:45] ✅ backup_Coder restarted with new PID: 675616
[2026-08-17 15:37:45] ⚠️ backup_Coder process (PID: 675616) has terminated
[2026-08-17 15:37:45] ❌ backup_Coder process not found - restarting
[2026-08-17 15:37:45] ✅ backup_Coder restarted with new PID: 675788
[2026-08-17 15:38:45] ⚠️ backup_Coder process (PID: 675788) has terminated
[2026-08-17 15:38:45] ❌ backup_Coder process not found - restarting
[2026-08-17 15:38:45] ✅ backup_Coder restarted with new PID: 676021
[2026-08-17 15:39:45] ⚠️ backup_Coder process (PID: 676021) has terminated
[2026-08-17 15:39:45] ❌ backup_Coder process not found - restarting
[2026-08-17 15:39:45] ✅ backup_Coder restarted with new PID: 676088
