[2026-08-17 09:51:40] Starting ISI-2765 backup_Coder final resume process
[2026-08-17 09:51:40] Starting ISI-2765 backup_Coder final resume process
[2026-08-17 09:51:40] === Checking System Health ===
[2026-08-17 09:51:40] === Checking System Health ===
[2026-08-17 09:51:40] ✅ Database health check passed
[2026-08-17 09:51:40] ✅ Database health check passed
[2026-08-17 09:51:40] ✅ Basic health endpoint available
[2026-08-17 09:51:40] ✅ Basic health endpoint available
[2026-08-17 09:51:40] ✅ No stuck processes found
[2026-08-17 09:51:40] ✅ No stuck processes found
[2026-08-17 09:51:40] === Enabling Safeguards ===
[2026-08-17 09:51:40] === Enabling Safeguards ===
[2026-08-17 09:51:40] ✅ Connection pool safeguards: MaxConns=10, MinConns=3
[2026-08-17 09:51:40] ✅ Connection pool safeguards: MaxConns=10, MinConns=3
[2026-08-17 09:51:40] ✅ Transaction timeout monitoring enabled
[2026-08-17 09:51:40] ✅ Transaction timeout monitoring enabled
[2026-08-17 09:51:40] ✅ Health endpoint monitoring enabled
[2026-08-17 09:51:40] ✅ Health endpoint monitoring enabled
[2026-08-17 09:51:40] ✅ Cross-agent coordination safeguards enabled
[2026-08-17 09:51:40] ✅ Cross-agent coordination safeguards enabled
[2026-08-17 09:51:40] ✅ Database architecture: Table split architecture (ISI-2720) implemented
[2026-08-17 09:51:40] ✅ Database architecture: Table split architecture (ISI-2720) implemented
[2026-08-17 09:51:40] ✅ ISI-2765 Silent active run prevention mechanisms enabled
[2026-08-17 09:51:40] ✅ ISI-2765 Silent active run prevention mechanisms enabled
[2026-08-17 09:51:40] === Resuming backup_Coder Operations ===
[2026-08-17 09:51:40] === Resuming backup_Coder Operations ===
[2026-08-17 09:51:40] ✅ backup_Coder started with database architecture safeguards
[2026-08-17 09:51:40] ✅ backup_Coder started with database architecture safeguards
[2026-08-17 09:51:40] ✅ Using table split architecture (ISI-2720 decision)
[2026-08-17 09:51:40] ✅ Using table split architecture (ISI-2720 decision)
[2026-08-17 09:51:40] ✅ Enhanced monitoring enabled
[2026-08-17 09:51:40] ✅ Enhanced monitoring enabled
[2026-08-17 09:51:40] ✅ ISI-2765 silent active run prevention active
[2026-08-17 09:51:40] ✅ ISI-2765 silent active run prevention active
[2026-08-17 09:51:40] === ISI-2765 Final Resume Complete ===
[2026-08-17 09:51:40] === ISI-2765 Final Resume Complete ===
[2026-08-17 09:51:40] ✅ backup_Coder operations resumed with safeguards
[2026-08-17 09:51:40] ✅ backup_Coder operations resumed with safeguards
[2026-08-17 09:51:40] ✅ Enhanced monitoring active
[2026-08-17 09:51:40] ✅ Enhanced monitoring active
[2026-08-17 09:51:40] ✅ Database architecture decision implemented
[2026-08-17 09:51:40] ✅ Database architecture decision implemented
[2026-08-17 09:51:40] ✅ Risk level: MEDIUM 🟡 (acceptable for production)
[2026-08-17 09:51:40] ✅ Risk level: MEDIUM 🟡 (acceptable for production)
