[2026-08-17 09:47:53] Starting ISI-2765 backup_Coder resume process
[2026-08-17 09:47:53] Starting ISI-2765 backup_Coder resume process
[2026-08-17 09:47:53] === Checking System Health ===
[2026-08-17 09:47:53] === Checking System Health ===
[2026-08-17 09:47:53] ✅ Database health check passed
[2026-08-17 09:47:53] ✅ Database health check passed
[2026-08-17 09:47:53] ✅ Basic health endpoint available
[2026-08-17 09:47:53] ✅ Basic health endpoint available
[2026-08-17 09:47:53] ✅ No stuck processes found
[2026-08-17 09:47:53] ✅ No stuck processes found
[2026-08-17 09:47:53] ✅ No high-usage processes found
[2026-08-17 09:47:53] ✅ No high-usage processes found
[2026-08-17 09:47:53] === Enabling Safeguards ===
[2026-08-17 09:47:53] === Enabling Safeguards ===
[2026-08-17 09:47:53] ✅ Connection pool safeguards: MaxConns=10, MinConns=3
[2026-08-17 09:47:53] ✅ Connection pool safeguards: MaxConns=10, MinConns=3
[2026-08-17 09:47:53] ✅ Transaction timeout monitoring enabled
[2026-08-17 09:47:53] ✅ Transaction timeout monitoring enabled
[2026-08-17 09:47:53] ✅ Health endpoint monitoring enabled
[2026-08-17 09:47:53] ✅ Health endpoint monitoring enabled
[2026-08-17 09:47:53] ✅ Cross-agent coordination safeguards enabled
[2026-08-17 09:47:53] ✅ Cross-agent coordination safeguards enabled
[2026-08-17 09:47:53] ✅ Database architecture: Table split architecture (ISI-2720) implemented
[2026-08-17 09:47:53] ✅ Database architecture: Table split architecture (ISI-2720) implemented
[2026-08-17 09:47:53] === Resuming backup_Coder Operations ===
[2026-08-17 09:47:53] === Resuming backup_Coder Operations ===
[2026-08-17 09:47:53] ⚠️ backup_Coder process already running
[2026-08-17 09:47:53] ⚠️ backup_Coder process already running
[2026-08-17 09:47:53] ❌ Failed to resume backup_Coder operations
[2026-08-17 09:47:53] ❌ Failed to resume backup_Coder operations
[2026-08-17 09:47:53] === Cleaning up ===
[2026-08-17 09:47:53] Resume process completed
